[2026-08-23 20:25:02.986] [INFO] CORS Origins configured:
  Details: {
      "count": 13,
      "origins": [
        "https://zoomdz.com",
        "https://www.zoomdz.com",
        "http://zoomdz.com",
        "http://www.zoomdz.com",
        "https://zooooooom-mown.vercel.app"
      ],
      "isFromEnv": false
    }
[2026-08-24 06:12:21.411] [INFO] CORS Origins configured:
  Details: {
      "count": 13,
      "origins": [
        "https://zoomdz.com",
        "https://www.zoomdz.com",
        "http://zoomdz.com",
        "http://www.zoomdz.com",
        "https://zooooooom-mown.vercel.app"
      ],
      "isFromEnv": false
    }
[2026-08-24 09:34:00.452] [INFO] CORS Origins configured:
  Details: {
      "count": 13,
      "origins": [
        "https://zoomdz.com",
        "https://www.zoomdz.com",
        "http://zoomdz.com",
        "http://www.zoomdz.com",
        "https://zooooooom-mown.vercel.app"
      ],
      "isFromEnv": false
    }
[2026-08-24 09:46:01.563] [INFO] CORS Origins configured:
  Details: {
      "count": 13,
      "origins": [
        "https://zoomdz.com",
        "https://www.zoomdz.com",
        "http://zoomdz.com",
        "http://www.zoomdz.com",
        "https://zooooooom-mown.vercel.app"
      ],
      "isFromEnv": false
    }
[2026-08-24 10:00:15.302] [INFO] CORS Origins configured:
  Details: {
      "count": 13,
      "origins": [
        "https://zoomdz.com",
        "https://www.zoomdz.com",
        "http://zoomdz.com",
        "http://www.zoomdz.com",
        "https://zooooooom-mown.vercel.app"
      ],
      "isFromEnv": false
    }
[2026-08-24 18:11:26.812] [INFO] CORS Origins configured:
  Details: {
      "count": 13,
      "origins": [
        "https://zoomdz.com",
        "https://www.zoomdz.com",
        "http://zoomdz.com",
        "http://www.zoomdz.com",
        "https://zooooooom-mown.vercel.app"
      ],
      "isFromEnv": false
    }
[2026-08-24 18:12:18.208] [INFO] CORS Origins configured:
  Details: {
      "count": 13,
      "origins": [
        "https://zoomdz.com",
        "https://www.zoomdz.com",
        "http://zoomdz.com",
        "http://www.zoomdz.com",
        "https://zooooooom-mown.vercel.app"
      ],
      "isFromEnv": false
    }
[2026-08-25 05:35:41.280] [INFO] CORS Origins configured:
  Details: {
      "count": 13,
      "origins": [
        "https://zoomdz.com",
        "https://www.zoomdz.com",
        "http://zoomdz.com",
        "http://www.zoomdz.com",
        "https://zooooooom-mown.vercel.app"
      ],
      "isFromEnv": false
    }
[2026-08-25 08:19:40.901] [INFO] CORS Origins configured:
  Details: {
      "count": 13,
      "origins": [
        "https://zoomdz.com",
        "https://www.zoomdz.com",
        "http://zoomdz.com",
        "http://www.zoomdz.com",
        "https://zooooooom-mown.vercel.app"
      ],
      "isFromEnv": false
    }
[2026-08-25 08:21:27.072] [INFO] CORS Origins configured:
  Details: {
      "count": 13,
      "origins": [
        "https://zoomdz.com",
        "https://www.zoomdz.com",
        "http://zoomdz.com",
        "http://www.zoomdz.com",
        "https://zooooooom-mown.vercel.app"
      ],
      "isFromEnv": false
    }
[2026-08-25 08:30:07.195] [INFO] CORS Origins configured:
  Details: {
      "count": 13,
      "origins": [
        "https://zoomdz.com",
        "https://www.zoomdz.com",
        "http://zoomdz.com",
        "http://www.zoomdz.com",
        "https://zooooooom-mown.vercel.app"
      ],
      "isFromEnv": false
    }
[2026-08-25 08:30:21.237] [INFO] CORS Origins configured:
  Details: {
      "count": 13,
      "origins": [
        "https://zoomdz.com",
        "https://www.zoomdz.com",
        "http://zoomdz.com",
        "http://www.zoomdz.com",
        "https://zooooooom-mown.vercel.app"
      ],
      "isFromEnv": false
    }
[2026-08-25 08:34:32.583] [INFO] CORS Origins configured:
  Details: {
      "count": 13,
      "origins": [
        "https://zoomdz.com",
        "https://www.zoomdz.com",
        "http://zoomdz.com",
        "http://www.zoomdz.com",
        "https://zooooooom-mown.vercel.app"
      ],
      "isFromEnv": false
    }
[2026-08-25 08:34:42.365] [INFO] CORS Origins configured:
  Details: {
      "count": 13,
      "origins": [
        "https://zoomdz.com",
        "https://www.zoomdz.com",
        "http://zoomdz.com",
        "http://www.zoomdz.com",
        "https://zooooooom-mown.vercel.app"
      ],
      "isFromEnv": false
    }
[2026-08-25 09:08:18.225] [INFO] CORS Origins configured:
  Details: {
      "count": 13,
      "origins": [
        "https://zoomdz.com",
        "https://www.zoomdz.com",
        "http://zoomdz.com",
        "http://www.zoomdz.com",
        "https://zooooooom-mown.vercel.app"
      ],
      "isFromEnv": false
    }
[2026-08-25 09:08:28.975] [INFO] CORS Origins configured:
  Details: {
      "count": 13,
      "origins": [
        "https://zoomdz.com",
        "https://www.zoomdz.com",
        "http://zoomdz.com",
        "http://www.zoomdz.com",
        "https://zooooooom-mown.vercel.app"
      ],
      "isFromEnv": false
    }
[2026-08-25 09:22:14.149] [INFO] CORS Origins configured:
  Details: {
      "count": 13,
      "origins": [
        "https://zoomdz.com",
        "https://www.zoomdz.com",
        "http://zoomdz.com",
        "http://www.zoomdz.com",
        "https://zooooooom-mown.vercel.app"
      ],
      "isFromEnv": false
    }
[2026-08-25 09:22:24.745] [INFO] CORS Origins configured:
  Details: {
      "count": 13,
      "origins": [
        "https://zoomdz.com",
        "https://www.zoomdz.com",
        "http://zoomdz.com",
        "http://www.zoomdz.com",
        "https://zooooooom-mown.vercel.app"
      ],
      "isFromEnv": false
    }
[2026-08-25 09:26:38.693] [INFO] CORS Origins configured:
  Details: {
      "count": 13,
      "origins": [
        "https://zoomdz.com",
        "https://www.zoomdz.com",
        "http://zoomdz.com",
        "http://www.zoomdz.com",
        "https://zooooooom-mown.vercel.app"
      ],
      "isFromEnv": false
    }
[2026-08-25 14:07:03.269] [INFO] CORS Origins configured:
  Details: {
      "count": 13,
      "origins": [
        "https://zoomdz.com",
        "https://www.zoomdz.com",
        "http://zoomdz.com",
        "http://www.zoomdz.com",
        "https://zooooooom-mown.vercel.app"
      ],
      "isFromEnv": false
    }
[2026-08-25 14:08:53.514] [INFO] CORS Origins configured:
  Details: {
      "count": 13,
      "origins": [
        "https://zoomdz.com",
        "https://www.zoomdz.com",
        "http://zoomdz.com",
        "http://www.zoomdz.com",
        "https://zooooooom-mown.vercel.app"
      ],
      "isFromEnv": false
    }
[2026-08-25 14:23:30.577] [INFO] CORS Origins configured:
  Details: {
      "count": 13,
      "origins": [
        "https://zoomdz.com",
        "https://www.zoomdz.com",
        "http://zoomdz.com",
        "http://www.zoomdz.com",
        "https://zooooooom-mown.vercel.app"
      ],
      "isFromEnv": false
    }
[2026-08-25 14:39:27.179] [INFO] CORS Origins configured:
  Details: {
      "count": 13,
      "origins": [
        "https://zoomdz.com",
        "https://www.zoomdz.com",
        "http://zoomdz.com",
        "http://www.zoomdz.com",
        "https://zooooooom-mown.vercel.app"
      ],
      "isFromEnv": false
    }
[2026-08-25 14:51:50.346] [INFO] CORS Origins configured:
  Details: {
      "count": 13,
      "origins": [
        "https://zoomdz.com",
        "https://www.zoomdz.com",
        "http://zoomdz.com",
        "http://www.zoomdz.com",
        "https://zooooooom-mown.vercel.app"
      ],
      "isFromEnv": false
    }
[2026-08-25 14:52:15.527] [INFO] CORS Origins configured:
  Details: {
      "count": 13,
      "origins": [
        "https://zoomdz.com",
        "https://www.zoomdz.com",
        "http://zoomdz.com",
        "http://www.zoomdz.com",
        "https://zooooooom-mown.vercel.app"
      ],
      "isFromEnv": false
    }
[2026-08-25 14:52:19.723] [INFO] CORS Origins configured:
  Details: {
      "count": 13,
      "origins": [
        "https://zoomdz.com",
        "https://www.zoomdz.com",
        "http://zoomdz.com",
        "http://www.zoomdz.com",
        "https://zooooooom-mown.vercel.app"
      ],
      "isFromEnv": false
    }
[2026-08-25 15:24:35.367] [INFO] CORS Origins configured:
  Details: {
      "count": 13,
      "origins": [
        "https://zoomdz.com",
        "https://www.zoomdz.com",
        "http://zoomdz.com",
        "http://www.zoomdz.com",
        "https://zooooooom-mown.vercel.app"
      ],
      "isFromEnv": false
    }
[2026-08-25 15:30:35.290] [INFO] CORS Origins configured:
  Details: {
      "count": 13,
      "origins": [
        "https://zoomdz.com",
        "https://www.zoomdz.com",
        "http://zoomdz.com",
        "http://www.zoomdz.com",
        "https://zooooooom-mown.vercel.app"
      ],
      "isFromEnv": false
    }
[2026-08-25 15:36:39.621] [INFO] CORS Origins configured:
  Details: {
      "count": 13,
      "origins": [
        "https://zoomdz.com",
        "https://www.zoomdz.com",
        "http://zoomdz.com",
        "http://www.zoomdz.com",
        "https://zooooooom-mown.vercel.app"
      ],
      "isFromEnv": false
    }
[2026-08-25 15:36:53.480] [INFO] CORS Origins configured:
  Details: {
      "count": 13,
      "origins": [
        "https://zoomdz.com",
        "https://www.zoomdz.com",
        "http://zoomdz.com",
        "http://www.zoomdz.com",
        "https://zooooooom-mown.vercel.app"
      ],
      "isFromEnv": false
    }
[2026-08-25 15:42:14.725] [INFO] CORS Origins configured:
  Details: {
      "count": 13,
      "origins": [
        "https://zoomdz.com",
        "https://www.zoomdz.com",
        "http://zoomdz.com",
        "http://www.zoomdz.com",
        "https://zooooooom-mown.vercel.app"
      ],
      "isFromEnv": false
    }
[2026-08-25 15:57:31.963] [INFO] CORS Origins configured:
  Details: {
      "count": 13,
      "origins": [
        "https://zoomdz.com",
        "https://www.zoomdz.com",
        "http://zoomdz.com",
        "http://www.zoomdz.com",
        "https://zooooooom-mown.vercel.app"
      ],
      "isFromEnv": false
    }
[2026-08-25 16:03:16.286] [INFO] CORS Origins configured:
  Details: {
      "count": 13,
      "origins": [
        "https://zoomdz.com",
        "https://www.zoomdz.com",
        "http://zoomdz.com",
        "http://www.zoomdz.com",
        "https://zooooooom-mown.vercel.app"
      ],
      "isFromEnv": false
    }
[2026-08-25 16:10:44.296] [INFO] CORS Origins configured:
  Details: {
      "count": 13,
      "origins": [
        "https://zoomdz.com",
        "https://www.zoomdz.com",
        "http://zoomdz.com",
        "http://www.zoomdz.com",
        "https://zooooooom-mown.vercel.app"
      ],
      "isFromEnv": false
    }
[2026-08-25 16:20:28.837] [INFO] CORS Origins configured:
  Details: {
      "count": 13,
      "origins": [
        "https://zoomdz.com",
        "https://www.zoomdz.com",
        "http://zoomdz.com",
        "http://www.zoomdz.com",
        "https://zooooooom-mown.vercel.app"
      ],
      "isFromEnv": false
    }
[2026-08-25 20:19:01.479] [INFO] CORS Origins configured:
  Details: {
      "count": 13,
      "origins": [
        "https://zoomdz.com",
        "https://www.zoomdz.com",
        "http://zoomdz.com",
        "http://www.zoomdz.com",
        "https://zooooooom-mown.vercel.app"
      ],
      "isFromEnv": false
    }
[2026-08-26 04:44:51.069] [INFO] CORS Origins configured:
  Details: {
      "count": 13,
      "origins": [
        "https://zoomdz.com",
        "https://www.zoomdz.com",
        "http://zoomdz.com",
        "http://www.zoomdz.com",
        "https://zooooooom-mown.vercel.app"
      ],
      "isFromEnv": false
    }
[2026-08-26 05:00:46.719] [INFO] CORS Origins configured:
  Details: {
      "count": 13,
      "origins": [
        "https://zoomdz.com",
        "https://www.zoomdz.com",
        "http://zoomdz.com",
        "http://www.zoomdz.com",
        "https://zooooooom-mown.vercel.app"
      ],
      "isFromEnv": false
    }
[2026-08-26 05:19:42.701] [INFO] CORS Origins configured:
  Details: {
      "count": 13,
      "origins": [
        "https://zoomdz.com",
        "https://www.zoomdz.com",
        "http://zoomdz.com",
        "http://www.zoomdz.com",
        "https://zooooooom-mown.vercel.app"
      ],
      "isFromEnv": false
    }
[2026-08-26 05:19:59.189] [INFO] CORS Origins configured:
  Details: {
      "count": 13,
      "origins": [
        "https://zoomdz.com",
        "https://www.zoomdz.com",
        "http://zoomdz.com",
        "http://www.zoomdz.com",
        "https://zooooooom-mown.vercel.app"
      ],
      "isFromEnv": false
    }
[2026-08-26 06:15:41.248] [INFO] CORS Origins configured:
  Details: {
      "count": 13,
      "origins": [
        "https://zoomdz.com",
        "https://www.zoomdz.com",
        "http://zoomdz.com",
        "http://www.zoomdz.com",
        "https://zooooooom-mown.vercel.app"
      ],
      "isFromEnv": false
    }
