[2026-08-23 20:25:02.986] [WARN] [AI Studio] Supabase credentials missing — using mock client in utils/db.js
[2026-08-23 20:25:03.156] [WARN] ⚠️ تحذير: لم يتم العثور على BREVO_API_KEY أو RESEND_API_KEY. يرجى ضبط المفاتيح في متغيرات البيئة.
[2026-08-24 06:12:21.411] [WARN] [AI Studio] Supabase credentials missing — using mock client in utils/db.js
[2026-08-24 06:12:21.555] [WARN] ⚠️ تحذير: لم يتم العثور على BREVO_API_KEY أو RESEND_API_KEY. يرجى ضبط المفاتيح في متغيرات البيئة.
[2026-08-24 09:34:00.452] [WARN] [AI Studio] Supabase credentials missing — using mock client in utils/db.js
[2026-08-24 09:34:00.536] [WARN] ⚠️ تحذير: لم يتم العثور على BREVO_API_KEY أو RESEND_API_KEY. يرجى ضبط المفاتيح في متغيرات البيئة.
[2026-08-24 09:34:01.399] [WARN] مسار غير موجود
  Details: {
      "method": "GET",
      "url": "/json/version",
      "ip": "127.0.0.1"
    }
[2026-08-24 09:34:01.910] [WARN] مسار غير موجود
  Details: {
      "method": "GET",
      "url": "/json/version",
      "ip": "127.0.0.1"
    }
[2026-08-24 09:34:02.422] [WARN] مسار غير موجود
  Details: {
      "method": "GET",
      "url": "/json/version",
      "ip": "127.0.0.1"
    }
[2026-08-24 09:34:03.052] [WARN] مسار غير موجود
  Details: {
      "method": "GET",
      "url": "/json/version",
      "ip": "127.0.0.1"
    }
[2026-08-24 09:34:03.587] [WARN] مسار غير موجود
  Details: {
      "method": "GET",
      "url": "/json/version",
      "ip": "127.0.0.1"
    }
[2026-08-24 09:35:03.251] [WARN] مسار غير موجود
  Details: {
      "method": "GET",
      "url": "/images/student_hero1.jpg",
      "ip": "10.128.141.81"
    }
[2026-08-24 09:35:03.796] [WARN] مسار غير موجود
  Details: {
      "method": "GET",
      "url": "/images/admin_character1.jpg",
      "ip": "10.128.192.1"
    }
[2026-08-24 09:35:04.360] [WARN] مسار غير موجود
  Details: {
      "method": "GET",
      "url": "/images/student_character1.jpg",
      "ip": "10.128.123.9"
    }
[2026-08-24 09:35:04.372] [WARN] مسار غير موجود
  Details: {
      "method": "GET",
      "url": "/images/teacher_character1.jpg",
      "ip": "10.128.194.109"
    }
[2026-08-24 09:35:04.376] [WARN] مسار غير موجود
  Details: {
      "method": "GET",
      "url": "/images/student_lab1.jpg",
      "ip": "10.128.95.130"
    }
[2026-08-24 09:35:05.472] [WARN] مسار غير موجود
  Details: {
      "method": "GET",
      "url": "/images/student_hero1.jpg",
      "ip": "10.128.155.225"
    }
[2026-08-24 09:35:05.578] [WARN] CORS origin rejected
  Details: {
      "origin": "https://zoom-platform.v0.build",
      "allowedOrigins": [
        "https://zoomdz.com",
        "https://www.zoomdz.com",
        "http://zoomdz.com",
        "http://www.zoomdz.com",
        "https://zooooooom-mown.vercel.app",
        "https://chatvidio.vercel.app",
        "https://chatvidio.onrender.com",
        "https://chatvidio-git-*.vercel.app",
        "https://chatvidio-*.vercel.app",
        "https://*.vercel.app",
        "http://localhost:3000",
        "http://localhost:3001",
        "http://localhost:3002"
      ],
      "checkPassed": false
    }
[2026-08-24 09:35:05.578] [WARN] CORS: Origin rejected but allowing (configured to warn)
  Details: {
      "origin": "https://zoom-platform.v0.build",
      "allowedCount": 13
    }
[2026-08-24 09:35:05.592] [WARN] مسار غير موجود
  Details: {
      "method": "GET",
      "url": "/images/student_character1.jpg",
      "ip": "10.128.100.147"
    }
[2026-08-24 09:35:05.606] [WARN] مسار غير موجود
  Details: {
      "method": "GET",
      "url": "/images/teacher_character1.jpg",
      "ip": "10.128.249.37"
    }
[2026-08-24 09:35:05.803] [WARN] مسار غير موجود
  Details: {
      "method": "GET",
      "url": "/images/student_hero1.jpg",
      "ip": "10.128.155.225"
    }
[2026-08-24 09:35:05.804] [WARN] مسار غير موجود
  Details: {
      "method": "GET",
      "url": "/images/student_character1.jpg",
      "ip": "10.128.155.225"
    }
[2026-08-24 09:35:05.874] [WARN] مسار غير موجود
  Details: {
      "method": "GET",
      "url": "/images/admin_character1.jpg",
      "ip": "10.128.155.225"
    }
[2026-08-24 09:35:05.875] [WARN] مسار غير موجود
  Details: {
      "method": "GET",
      "url": "/images/teacher_character1.jpg",
      "ip": "10.128.155.225"
    }
[2026-08-24 09:35:05.882] [WARN] مسار غير موجود
  Details: {
      "method": "GET",
      "url": "/images/student_lab1.jpg",
      "ip": "10.128.155.225"
    }
[2026-08-24 09:35:05.951] [WARN] CORS origin rejected
  Details: {
      "origin": "https://zoom-platform.v0.build",
      "allowedOrigins": [
        "https://zoomdz.com",
        "https://www.zoomdz.com",
        "http://zoomdz.com",
        "http://www.zoomdz.com",
        "https://zooooooom-mown.vercel.app",
        "https://chatvidio.vercel.app",
        "https://chatvidio.onrender.com",
        "https://chatvidio-git-*.vercel.app",
        "https://chatvidio-*.vercel.app",
        "https://*.vercel.app",
        "http://localhost:3000",
        "http://localhost:3001",
        "http://localhost:3002"
      ],
      "checkPassed": false
    }
[2026-08-24 09:35:05.951] [WARN] CORS: Origin rejected but allowing (configured to warn)
  Details: {
      "origin": "https://zoom-platform.v0.build",
      "allowedCount": 13
    }
[2026-08-24 09:35:05.984] [WARN] مسار غير موجود
  Details: {
      "method": "GET",
      "url": "/images/student_lab1.jpg",
      "ip": "10.128.126.149"
    }
[2026-08-24 09:35:06.834] [WARN] مسار غير موجود
  Details: {
      "method": "GET",
      "url": "/images/student_hero1.jpg",
      "ip": "10.128.110.148"
    }
[2026-08-24 09:36:13.754] [WARN] مسار غير موجود
  Details: {
      "method": "GET",
      "url": "/images/student_hero1.jpg",
      "ip": "10.128.131.167"
    }
[2026-08-24 09:36:14.039] [WARN] مسار غير موجود
  Details: {
      "method": "GET",
      "url": "/images/student_hero1.jpg",
      "ip": "10.128.131.167"
    }
[2026-08-24 09:36:14.207] [WARN] مسار غير موجود
  Details: {
      "method": "GET",
      "url": "/images/student_lab1.jpg",
      "ip": "10.128.131.167"
    }
[2026-08-24 09:46:01.562] [WARN] [AI Studio] Supabase credentials missing — using mock client in utils/db.js
[2026-08-24 09:46:01.652] [WARN] ⚠️ تحذير: لم يتم العثور على BREVO_API_KEY أو RESEND_API_KEY. يرجى ضبط المفاتيح في متغيرات البيئة.
[2026-08-24 10:00:15.302] [WARN] [AI Studio] Supabase credentials missing — using mock client in utils/db.js
[2026-08-24 10:00:15.390] [WARN] ⚠️ تحذير: لم يتم العثور على BREVO_API_KEY أو RESEND_API_KEY. يرجى ضبط المفاتيح في متغيرات البيئة.
[2026-08-24 18:11:26.811] [WARN] [AI Studio] Supabase credentials missing — using mock client in utils/db.js
[2026-08-24 18:11:26.985] [WARN] ⚠️ تحذير: لم يتم العثور على BREVO_API_KEY أو RESEND_API_KEY. يرجى ضبط المفاتيح في متغيرات البيئة.
[2026-08-24 18:12:18.207] [WARN] [AI Studio] Supabase credentials missing — using mock client in utils/db.js
[2026-08-24 18:12:18.399] [WARN] ⚠️ تحذير: لم يتم العثور على BREVO_API_KEY أو RESEND_API_KEY. يرجى ضبط المفاتيح في متغيرات البيئة.
[2026-08-25 05:35:41.280] [WARN] [AI Studio] Supabase credentials missing — using mock client in utils/db.js
[2026-08-25 05:35:41.473] [WARN] ⚠️ تحذير: لم يتم العثور على BREVO_API_KEY أو RESEND_API_KEY. يرجى ضبط المفاتيح في متغيرات البيئة.
[2026-08-25 08:19:40.901] [WARN] [AI Studio] Supabase credentials missing — using mock client in utils/db.js
[2026-08-25 08:19:41.104] [WARN] ⚠️ تحذير: لم يتم العثور على BREVO_API_KEY أو RESEND_API_KEY. يرجى ضبط المفاتيح في متغيرات البيئة.
[2026-08-25 08:21:27.071] [WARN] [AI Studio] Supabase credentials missing — using mock client in utils/db.js
[2026-08-25 08:21:27.292] [WARN] ⚠️ تحذير: لم يتم العثور على BREVO_API_KEY أو RESEND_API_KEY. يرجى ضبط المفاتيح في متغيرات البيئة.
[2026-08-25 08:30:07.194] [WARN] [AI Studio] Supabase credentials missing — using mock client in utils/db.js
[2026-08-25 08:30:07.410] [WARN] ⚠️ تحذير: لم يتم العثور على BREVO_API_KEY أو RESEND_API_KEY. يرجى ضبط المفاتيح في متغيرات البيئة.
[2026-08-25 08:30:21.236] [WARN] [AI Studio] Supabase credentials missing — using mock client in utils/db.js
[2026-08-25 08:30:21.431] [WARN] ⚠️ تحذير: لم يتم العثور على BREVO_API_KEY أو RESEND_API_KEY. يرجى ضبط المفاتيح في متغيرات البيئة.
[2026-08-25 08:34:32.582] [WARN] [AI Studio] Supabase credentials missing — using mock client in utils/db.js
[2026-08-25 08:34:32.762] [WARN] ⚠️ تحذير: لم يتم العثور على BREVO_API_KEY أو RESEND_API_KEY. يرجى ضبط المفاتيح في متغيرات البيئة.
[2026-08-25 08:34:42.364] [WARN] [AI Studio] Supabase credentials missing — using mock client in utils/db.js
[2026-08-25 08:34:42.568] [WARN] ⚠️ تحذير: لم يتم العثور على BREVO_API_KEY أو RESEND_API_KEY. يرجى ضبط المفاتيح في متغيرات البيئة.
[2026-08-25 09:08:18.225] [WARN] [AI Studio] Supabase credentials missing — using mock client in utils/db.js
[2026-08-25 09:08:18.448] [WARN] ⚠️ تحذير: لم يتم العثور على BREVO_API_KEY أو RESEND_API_KEY. يرجى ضبط المفاتيح في متغيرات البيئة.
[2026-08-25 09:08:28.975] [WARN] [AI Studio] Supabase credentials missing — using mock client in utils/db.js
[2026-08-25 09:08:29.188] [WARN] ⚠️ تحذير: لم يتم العثور على BREVO_API_KEY أو RESEND_API_KEY. يرجى ضبط المفاتيح في متغيرات البيئة.
[2026-08-25 09:22:14.148] [WARN] [AI Studio] Supabase credentials missing — using mock client in utils/db.js
[2026-08-25 09:22:14.455] [WARN] ⚠️ تحذير: لم يتم العثور على BREVO_API_KEY أو RESEND_API_KEY. يرجى ضبط المفاتيح في متغيرات البيئة.
[2026-08-25 09:22:24.744] [WARN] [AI Studio] Supabase credentials missing — using mock client in utils/db.js
[2026-08-25 09:22:24.952] [WARN] ⚠️ تحذير: لم يتم العثور على BREVO_API_KEY أو RESEND_API_KEY. يرجى ضبط المفاتيح في متغيرات البيئة.
[2026-08-25 09:26:38.692] [WARN] [AI Studio] Supabase credentials missing — using mock client in utils/db.js
[2026-08-25 09:26:38.912] [WARN] ⚠️ تحذير: لم يتم العثور على BREVO_API_KEY أو RESEND_API_KEY. يرجى ضبط المفاتيح في متغيرات البيئة.
[2026-08-25 14:07:03.269] [WARN] [AI Studio] Supabase credentials missing — using mock client in utils/db.js
[2026-08-25 14:07:03.467] [WARN] ⚠️ تحذير: لم يتم العثور على BREVO_API_KEY أو RESEND_API_KEY. يرجى ضبط المفاتيح في متغيرات البيئة.
[2026-08-25 14:08:53.513] [WARN] [AI Studio] Supabase credentials missing — using mock client in utils/db.js
[2026-08-25 14:08:53.707] [WARN] ⚠️ تحذير: لم يتم العثور على BREVO_API_KEY أو RESEND_API_KEY. يرجى ضبط المفاتيح في متغيرات البيئة.
[2026-08-25 14:23:30.576] [WARN] [AI Studio] Supabase credentials missing — using mock client in utils/db.js
[2026-08-25 14:23:30.779] [WARN] ⚠️ تحذير: لم يتم العثور على BREVO_API_KEY أو RESEND_API_KEY. يرجى ضبط المفاتيح في متغيرات البيئة.
[2026-08-25 14:39:27.178] [WARN] [AI Studio] Supabase credentials missing — using mock client in utils/db.js
[2026-08-25 14:39:27.356] [WARN] ⚠️ تحذير: لم يتم العثور على BREVO_API_KEY أو RESEND_API_KEY. يرجى ضبط المفاتيح في متغيرات البيئة.
[2026-08-25 14:51:50.346] [WARN] [AI Studio] Supabase credentials missing — using mock client in utils/db.js
[2026-08-25 14:51:50.568] [WARN] ⚠️ تحذير: لم يتم العثور على BREVO_API_KEY أو RESEND_API_KEY. يرجى ضبط المفاتيح في متغيرات البيئة.
[2026-08-25 14:52:15.527] [WARN] [AI Studio] Supabase credentials missing — using mock client in utils/db.js
[2026-08-25 14:52:15.710] [WARN] ⚠️ تحذير: لم يتم العثور على BREVO_API_KEY أو RESEND_API_KEY. يرجى ضبط المفاتيح في متغيرات البيئة.
[2026-08-25 14:52:19.722] [WARN] [AI Studio] Supabase credentials missing — using mock client in utils/db.js
[2026-08-25 14:52:19.907] [WARN] ⚠️ تحذير: لم يتم العثور على BREVO_API_KEY أو RESEND_API_KEY. يرجى ضبط المفاتيح في متغيرات البيئة.
[2026-08-25 15:24:35.366] [WARN] [AI Studio] Supabase credentials missing — using mock client in utils/db.js
[2026-08-25 15:24:35.566] [WARN] ⚠️ تحذير: لم يتم العثور على BREVO_API_KEY أو RESEND_API_KEY. يرجى ضبط المفاتيح في متغيرات البيئة.
[2026-08-25 15:30:35.289] [WARN] [AI Studio] Supabase credentials missing — using mock client in utils/db.js
[2026-08-25 15:30:35.508] [WARN] ⚠️ تحذير: لم يتم العثور على BREVO_API_KEY أو RESEND_API_KEY. يرجى ضبط المفاتيح في متغيرات البيئة.
[2026-08-25 15:36:39.620] [WARN] [AI Studio] Supabase credentials missing — using mock client in utils/db.js
[2026-08-25 15:36:39.821] [WARN] ⚠️ تحذير: لم يتم العثور على BREVO_API_KEY أو RESEND_API_KEY. يرجى ضبط المفاتيح في متغيرات البيئة.
[2026-08-25 15:36:53.480] [WARN] [AI Studio] Supabase credentials missing — using mock client in utils/db.js
[2026-08-25 15:36:53.656] [WARN] ⚠️ تحذير: لم يتم العثور على BREVO_API_KEY أو RESEND_API_KEY. يرجى ضبط المفاتيح في متغيرات البيئة.
[2026-08-25 15:42:14.725] [WARN] [AI Studio] Supabase credentials missing — using mock client in utils/db.js
[2026-08-25 15:42:14.904] [WARN] ⚠️ تحذير: لم يتم العثور على BREVO_API_KEY أو RESEND_API_KEY. يرجى ضبط المفاتيح في متغيرات البيئة.
[2026-08-25 15:57:31.963] [WARN] [AI Studio] Supabase credentials missing — using mock client in utils/db.js
[2026-08-25 15:57:32.137] [WARN] ⚠️ تحذير: لم يتم العثور على BREVO_API_KEY أو RESEND_API_KEY. يرجى ضبط المفاتيح في متغيرات البيئة.
[2026-08-25 16:03:16.286] [WARN] [AI Studio] Supabase credentials missing — using mock client in utils/db.js
[2026-08-25 16:03:16.489] [WARN] ⚠️ تحذير: لم يتم العثور على BREVO_API_KEY أو RESEND_API_KEY. يرجى ضبط المفاتيح في متغيرات البيئة.
[2026-08-25 16:10:44.295] [WARN] [AI Studio] Supabase credentials missing — using mock client in utils/db.js
[2026-08-25 16:10:44.513] [WARN] ⚠️ تحذير: لم يتم العثور على BREVO_API_KEY أو RESEND_API_KEY. يرجى ضبط المفاتيح في متغيرات البيئة.
[2026-08-25 16:20:28.837] [WARN] [AI Studio] Supabase credentials missing — using mock client in utils/db.js
[2026-08-25 16:20:29.025] [WARN] ⚠️ تحذير: لم يتم العثور على BREVO_API_KEY أو RESEND_API_KEY. يرجى ضبط المفاتيح في متغيرات البيئة.
[2026-08-25 20:19:01.478] [WARN] [AI Studio] Supabase credentials missing — using mock client in utils/db.js
[2026-08-25 20:19:01.568] [WARN] ⚠️ تحذير: لم يتم العثور على BREVO_API_KEY أو RESEND_API_KEY. يرجى ضبط المفاتيح في متغيرات البيئة.
[2026-08-26 04:44:51.069] [WARN] [AI Studio] Supabase credentials missing — using mock client in utils/db.js
[2026-08-26 04:44:51.187] [WARN] ⚠️ تحذير: لم يتم العثور على BREVO_API_KEY أو RESEND_API_KEY. يرجى ضبط المفاتيح في متغيرات البيئة.
[2026-08-26 04:44:51.698] [WARN] مسار غير موجود
  Details: {
      "method": "GET",
      "url": "/json/version",
      "ip": "127.0.0.1"
    }
[2026-08-26 04:44:52.359] [WARN] مسار غير موجود
  Details: {
      "method": "GET",
      "url": "/json/version",
      "ip": "127.0.0.1"
    }
[2026-08-26 04:44:52.908] [WARN] مسار غير موجود
  Details: {
      "method": "GET",
      "url": "/json/version",
      "ip": "127.0.0.1"
    }
[2026-08-26 04:44:53.468] [WARN] مسار غير موجود
  Details: {
      "method": "GET",
      "url": "/json/version",
      "ip": "127.0.0.1"
    }
[2026-08-26 04:44:53.974] [WARN] مسار غير موجود
  Details: {
      "method": "GET",
      "url": "/json/version",
      "ip": "127.0.0.1"
    }
[2026-08-26 04:45:05.634] [WARN] مسار غير موجود
  Details: {
      "method": "GET",
      "url": "/images/student_hero1.jpg",
      "ip": "10.128.147.41"
    }
[2026-08-26 04:45:06.000] [WARN] مسار غير موجود
  Details: {
      "method": "GET",
      "url": "/images/student_hero1.jpg",
      "ip": "10.128.199.247"
    }
[2026-08-26 04:45:06.813] [WARN] مسار غير موجود
  Details: {
      "method": "GET",
      "url": "/images/student_lab1.jpg",
      "ip": "10.128.255.140"
    }
[2026-08-26 04:45:06.835] [WARN] مسار غير موجود
  Details: {
      "method": "GET",
      "url": "/images/admin_character1.jpg",
      "ip": "10.128.102.71"
    }
[2026-08-26 04:45:06.843] [WARN] مسار غير موجود
  Details: {
      "method": "GET",
      "url": "/images/teacher_character1.jpg",
      "ip": "10.128.96.72"
    }
[2026-08-26 04:45:06.844] [WARN] مسار غير موجود
  Details: {
      "method": "GET",
      "url": "/images/student_character1.jpg",
      "ip": "10.128.0.196"
    }
[2026-08-26 04:45:06.906] [WARN] مسار غير موجود
  Details: {
      "method": "GET",
      "url": "/images/student_hero1.jpg",
      "ip": "10.128.149.148"
    }
[2026-08-26 04:45:07.196] [WARN] مسار غير موجود
  Details: {
      "method": "GET",
      "url": "/images/teacher_character1.jpg",
      "ip": "10.128.114.242"
    }
[2026-08-26 04:45:07.198] [WARN] مسار غير موجود
  Details: {
      "method": "GET",
      "url": "/images/admin_character1.jpg",
      "ip": "10.128.102.71"
    }
[2026-08-26 04:45:07.223] [WARN] مسار غير موجود
  Details: {
      "method": "GET",
      "url": "/images/student_lab1.jpg",
      "ip": "10.128.149.148"
    }
[2026-08-26 04:45:07.243] [WARN] مسار غير موجود
  Details: {
      "method": "GET",
      "url": "/images/student_character1.jpg",
      "ip": "10.128.142.33"
    }
[2026-08-26 04:45:07.273] [WARN] مسار غير موجود
  Details: {
      "method": "GET",
      "url": "/images/student_hero1.jpg",
      "ip": "10.128.114.242"
    }
[2026-08-26 04:45:08.608] [WARN] مسار غير موجود
  Details: {
      "method": "GET",
      "url": "/images/student_character1.jpg",
      "ip": "10.128.149.148"
    }
[2026-08-26 04:45:08.611] [WARN] مسار غير موجود
  Details: {
      "method": "GET",
      "url": "/images/teacher_character1.jpg",
      "ip": "10.128.247.18"
    }
[2026-08-26 04:45:08.763] [WARN] CORS origin rejected
  Details: {
      "origin": "https://new-chat-h1k.v0.build",
      "allowedOrigins": [
        "https://zoomdz.com",
        "https://www.zoomdz.com",
        "http://zoomdz.com",
        "http://www.zoomdz.com",
        "https://zooooooom-mown.vercel.app",
        "https://chatvidio.vercel.app",
        "https://chatvidio.onrender.com",
        "https://chatvidio-git-*.vercel.app",
        "https://chatvidio-*.vercel.app",
        "https://*.vercel.app",
        "http://localhost:3000",
        "http://localhost:3001",
        "http://localhost:3002"
      ],
      "checkPassed": false
    }
[2026-08-26 04:45:08.763] [WARN] CORS: Origin rejected but allowing (configured to warn)
  Details: {
      "origin": "https://new-chat-h1k.v0.build",
      "allowedCount": 13
    }
[2026-08-26 04:45:08.778] [WARN] CORS origin rejected
  Details: {
      "origin": "https://new-chat-h1k.v0.build",
      "allowedOrigins": [
        "https://zoomdz.com",
        "https://www.zoomdz.com",
        "http://zoomdz.com",
        "http://www.zoomdz.com",
        "https://zooooooom-mown.vercel.app",
        "https://chatvidio.vercel.app",
        "https://chatvidio.onrender.com",
        "https://chatvidio-git-*.vercel.app",
        "https://chatvidio-*.vercel.app",
        "https://*.vercel.app",
        "http://localhost:3000",
        "http://localhost:3001",
        "http://localhost:3002"
      ],
      "checkPassed": false
    }
[2026-08-26 04:45:08.778] [WARN] CORS: Origin rejected but allowing (configured to warn)
  Details: {
      "origin": "https://new-chat-h1k.v0.build",
      "allowedCount": 13
    }
[2026-08-26 04:45:08.781] [WARN] CORS origin rejected
  Details: {
      "origin": "https://new-chat-h1k.v0.build",
      "allowedOrigins": [
        "https://zoomdz.com",
        "https://www.zoomdz.com",
        "http://zoomdz.com",
        "http://www.zoomdz.com",
        "https://zooooooom-mown.vercel.app",
        "https://chatvidio.vercel.app",
        "https://chatvidio.onrender.com",
        "https://chatvidio-git-*.vercel.app",
        "https://chatvidio-*.vercel.app",
        "https://*.vercel.app",
        "http://localhost:3000",
        "http://localhost:3001",
        "http://localhost:3002"
      ],
      "checkPassed": false
    }
[2026-08-26 04:45:08.781] [WARN] CORS: Origin rejected but allowing (configured to warn)
  Details: {
      "origin": "https://new-chat-h1k.v0.build",
      "allowedCount": 13
    }
[2026-08-26 04:45:08.787] [WARN] CORS origin rejected
  Details: {
      "origin": "https://new-chat-h1k.v0.build",
      "allowedOrigins": [
        "https://zoomdz.com",
        "https://www.zoomdz.com",
        "http://zoomdz.com",
        "http://www.zoomdz.com",
        "https://zooooooom-mown.vercel.app",
        "https://chatvidio.vercel.app",
        "https://chatvidio.onrender.com",
        "https://chatvidio-git-*.vercel.app",
        "https://chatvidio-*.vercel.app",
        "https://*.vercel.app",
        "http://localhost:3000",
        "http://localhost:3001",
        "http://localhost:3002"
      ],
      "checkPassed": false
    }
[2026-08-26 04:45:08.787] [WARN] CORS: Origin rejected but allowing (configured to warn)
  Details: {
      "origin": "https://new-chat-h1k.v0.build",
      "allowedCount": 13
    }
[2026-08-26 04:45:08.788] [WARN] CORS origin rejected
  Details: {
      "origin": "https://new-chat-h1k.v0.build",
      "allowedOrigins": [
        "https://zoomdz.com",
        "https://www.zoomdz.com",
        "http://zoomdz.com",
        "http://www.zoomdz.com",
        "https://zooooooom-mown.vercel.app",
        "https://chatvidio.vercel.app",
        "https://chatvidio.onrender.com",
        "https://chatvidio-git-*.vercel.app",
        "https://chatvidio-*.vercel.app",
        "https://*.vercel.app",
        "http://localhost:3000",
        "http://localhost:3001",
        "http://localhost:3002"
      ],
      "checkPassed": false
    }
[2026-08-26 04:45:08.788] [WARN] CORS: Origin rejected but allowing (configured to warn)
  Details: {
      "origin": "https://new-chat-h1k.v0.build",
      "allowedCount": 13
    }
[2026-08-26 04:45:08.789] [WARN] CORS origin rejected
  Details: {
      "origin": "https://new-chat-h1k.v0.build",
      "allowedOrigins": [
        "https://zoomdz.com",
        "https://www.zoomdz.com",
        "http://zoomdz.com",
        "http://www.zoomdz.com",
        "https://zooooooom-mown.vercel.app",
        "https://chatvidio.vercel.app",
        "https://chatvidio.onrender.com",
        "https://chatvidio-git-*.vercel.app",
        "https://chatvidio-*.vercel.app",
        "https://*.vercel.app",
        "http://localhost:3000",
        "http://localhost:3001",
        "http://localhost:3002"
      ],
      "checkPassed": false
    }
[2026-08-26 04:45:08.789] [WARN] CORS: Origin rejected but allowing (configured to warn)
  Details: {
      "origin": "https://new-chat-h1k.v0.build",
      "allowedCount": 13
    }
[2026-08-26 04:45:08.792] [WARN] CORS origin rejected
  Details: {
      "origin": "https://new-chat-h1k.v0.build",
      "allowedOrigins": [
        "https://zoomdz.com",
        "https://www.zoomdz.com",
        "http://zoomdz.com",
        "http://www.zoomdz.com",
        "https://zooooooom-mown.vercel.app",
        "https://chatvidio.vercel.app",
        "https://chatvidio.onrender.com",
        "https://chatvidio-git-*.vercel.app",
        "https://chatvidio-*.vercel.app",
        "https://*.vercel.app",
        "http://localhost:3000",
        "http://localhost:3001",
        "http://localhost:3002"
      ],
      "checkPassed": false
    }
[2026-08-26 04:45:08.792] [WARN] CORS: Origin rejected but allowing (configured to warn)
  Details: {
      "origin": "https://new-chat-h1k.v0.build",
      "allowedCount": 13
    }
[2026-08-26 04:45:08.793] [WARN] CORS origin rejected
  Details: {
      "origin": "https://new-chat-h1k.v0.build",
      "allowedOrigins": [
        "https://zoomdz.com",
        "https://www.zoomdz.com",
        "http://zoomdz.com",
        "http://www.zoomdz.com",
        "https://zooooooom-mown.vercel.app",
        "https://chatvidio.vercel.app",
        "https://chatvidio.onrender.com",
        "https://chatvidio-git-*.vercel.app",
        "https://chatvidio-*.vercel.app",
        "https://*.vercel.app",
        "http://localhost:3000",
        "http://localhost:3001",
        "http://localhost:3002"
      ],
      "checkPassed": false
    }
[2026-08-26 04:45:08.793] [WARN] CORS: Origin rejected but allowing (configured to warn)
  Details: {
      "origin": "https://new-chat-h1k.v0.build",
      "allowedCount": 13
    }
[2026-08-26 04:45:08.797] [WARN] CORS origin rejected
  Details: {
      "origin": "https://new-chat-h1k.v0.build",
      "allowedOrigins": [
        "https://zoomdz.com",
        "https://www.zoomdz.com",
        "http://zoomdz.com",
        "http://www.zoomdz.com",
        "https://zooooooom-mown.vercel.app",
        "https://chatvidio.vercel.app",
        "https://chatvidio.onrender.com",
        "https://chatvidio-git-*.vercel.app",
        "https://chatvidio-*.vercel.app",
        "https://*.vercel.app",
        "http://localhost:3000",
        "http://localhost:3001",
        "http://localhost:3002"
      ],
      "checkPassed": false
    }
[2026-08-26 04:45:08.797] [WARN] CORS: Origin rejected but allowing (configured to warn)
  Details: {
      "origin": "https://new-chat-h1k.v0.build",
      "allowedCount": 13
    }
[2026-08-26 04:45:08.797] [WARN] CORS origin rejected
  Details: {
      "origin": "https://new-chat-h1k.v0.build",
      "allowedOrigins": [
        "https://zoomdz.com",
        "https://www.zoomdz.com",
        "http://zoomdz.com",
        "http://www.zoomdz.com",
        "https://zooooooom-mown.vercel.app",
        "https://chatvidio.vercel.app",
        "https://chatvidio.onrender.com",
        "https://chatvidio-git-*.vercel.app",
        "https://chatvidio-*.vercel.app",
        "https://*.vercel.app",
        "http://localhost:3000",
        "http://localhost:3001",
        "http://localhost:3002"
      ],
      "checkPassed": false
    }
[2026-08-26 04:45:08.797] [WARN] CORS: Origin rejected but allowing (configured to warn)
  Details: {
      "origin": "https://new-chat-h1k.v0.build",
      "allowedCount": 13
    }
[2026-08-26 04:45:09.106] [WARN] CORS origin rejected
  Details: {
      "origin": "https://new-chat-h1k.v0.build",
      "allowedOrigins": [
        "https://zoomdz.com",
        "https://www.zoomdz.com",
        "http://zoomdz.com",
        "http://www.zoomdz.com",
        "https://zooooooom-mown.vercel.app",
        "https://chatvidio.vercel.app",
        "https://chatvidio.onrender.com",
        "https://chatvidio-git-*.vercel.app",
        "https://chatvidio-*.vercel.app",
        "https://*.vercel.app",
        "http://localhost:3000",
        "http://localhost:3001",
        "http://localhost:3002"
      ],
      "checkPassed": false
    }
[2026-08-26 04:45:09.106] [WARN] CORS: Origin rejected but allowing (configured to warn)
  Details: {
      "origin": "https://new-chat-h1k.v0.build",
      "allowedCount": 13
    }
[2026-08-26 04:45:09.111] [WARN] CORS origin rejected
  Details: {
      "origin": "https://new-chat-h1k.v0.build",
      "allowedOrigins": [
        "https://zoomdz.com",
        "https://www.zoomdz.com",
        "http://zoomdz.com",
        "http://www.zoomdz.com",
        "https://zooooooom-mown.vercel.app",
        "https://chatvidio.vercel.app",
        "https://chatvidio.onrender.com",
        "https://chatvidio-git-*.vercel.app",
        "https://chatvidio-*.vercel.app",
        "https://*.vercel.app",
        "http://localhost:3000",
        "http://localhost:3001",
        "http://localhost:3002"
      ],
      "checkPassed": false
    }
[2026-08-26 04:45:09.111] [WARN] CORS: Origin rejected but allowing (configured to warn)
  Details: {
      "origin": "https://new-chat-h1k.v0.build",
      "allowedCount": 13
    }
[2026-08-26 04:45:09.113] [WARN] CORS origin rejected
  Details: {
      "origin": "https://new-chat-h1k.v0.build",
      "allowedOrigins": [
        "https://zoomdz.com",
        "https://www.zoomdz.com",
        "http://zoomdz.com",
        "http://www.zoomdz.com",
        "https://zooooooom-mown.vercel.app",
        "https://chatvidio.vercel.app",
        "https://chatvidio.onrender.com",
        "https://chatvidio-git-*.vercel.app",
        "https://chatvidio-*.vercel.app",
        "https://*.vercel.app",
        "http://localhost:3000",
        "http://localhost:3001",
        "http://localhost:3002"
      ],
      "checkPassed": false
    }
[2026-08-26 04:45:09.113] [WARN] CORS: Origin rejected but allowing (configured to warn)
  Details: {
      "origin": "https://new-chat-h1k.v0.build",
      "allowedCount": 13
    }
[2026-08-26 04:45:09.122] [WARN] CORS origin rejected
  Details: {
      "origin": "https://new-chat-h1k.v0.build",
      "allowedOrigins": [
        "https://zoomdz.com",
        "https://www.zoomdz.com",
        "http://zoomdz.com",
        "http://www.zoomdz.com",
        "https://zooooooom-mown.vercel.app",
        "https://chatvidio.vercel.app",
        "https://chatvidio.onrender.com",
        "https://chatvidio-git-*.vercel.app",
        "https://chatvidio-*.vercel.app",
        "https://*.vercel.app",
        "http://localhost:3000",
        "http://localhost:3001",
        "http://localhost:3002"
      ],
      "checkPassed": false
    }
[2026-08-26 04:45:09.122] [WARN] CORS: Origin rejected but allowing (configured to warn)
  Details: {
      "origin": "https://new-chat-h1k.v0.build",
      "allowedCount": 13
    }
[2026-08-26 04:45:09.127] [WARN] CORS origin rejected
  Details: {
      "origin": "https://new-chat-h1k.v0.build",
      "allowedOrigins": [
        "https://zoomdz.com",
        "https://www.zoomdz.com",
        "http://zoomdz.com",
        "http://www.zoomdz.com",
        "https://zooooooom-mown.vercel.app",
        "https://chatvidio.vercel.app",
        "https://chatvidio.onrender.com",
        "https://chatvidio-git-*.vercel.app",
        "https://chatvidio-*.vercel.app",
        "https://*.vercel.app",
        "http://localhost:3000",
        "http://localhost:3001",
        "http://localhost:3002"
      ],
      "checkPassed": false
    }
[2026-08-26 04:45:09.128] [WARN] CORS: Origin rejected but allowing (configured to warn)
  Details: {
      "origin": "https://new-chat-h1k.v0.build",
      "allowedCount": 13
    }
[2026-08-26 04:45:09.130] [WARN] CORS origin rejected
  Details: {
      "origin": "https://new-chat-h1k.v0.build",
      "allowedOrigins": [
        "https://zoomdz.com",
        "https://www.zoomdz.com",
        "http://zoomdz.com",
        "http://www.zoomdz.com",
        "https://zooooooom-mown.vercel.app",
        "https://chatvidio.vercel.app",
        "https://chatvidio.onrender.com",
        "https://chatvidio-git-*.vercel.app",
        "https://chatvidio-*.vercel.app",
        "https://*.vercel.app",
        "http://localhost:3000",
        "http://localhost:3001",
        "http://localhost:3002"
      ],
      "checkPassed": false
    }
[2026-08-26 04:45:09.130] [WARN] CORS: Origin rejected but allowing (configured to warn)
  Details: {
      "origin": "https://new-chat-h1k.v0.build",
      "allowedCount": 13
    }
[2026-08-26 04:45:09.131] [WARN] CORS origin rejected
  Details: {
      "origin": "https://new-chat-h1k.v0.build",
      "allowedOrigins": [
        "https://zoomdz.com",
        "https://www.zoomdz.com",
        "http://zoomdz.com",
        "http://www.zoomdz.com",
        "https://zooooooom-mown.vercel.app",
        "https://chatvidio.vercel.app",
        "https://chatvidio.onrender.com",
        "https://chatvidio-git-*.vercel.app",
        "https://chatvidio-*.vercel.app",
        "https://*.vercel.app",
        "http://localhost:3000",
        "http://localhost:3001",
        "http://localhost:3002"
      ],
      "checkPassed": false
    }
[2026-08-26 04:45:09.131] [WARN] CORS: Origin rejected but allowing (configured to warn)
  Details: {
      "origin": "https://new-chat-h1k.v0.build",
      "allowedCount": 13
    }
[2026-08-26 04:45:09.149] [WARN] CORS origin rejected
  Details: {
      "origin": "https://new-chat-h1k.v0.build",
      "allowedOrigins": [
        "https://zoomdz.com",
        "https://www.zoomdz.com",
        "http://zoomdz.com",
        "http://www.zoomdz.com",
        "https://zooooooom-mown.vercel.app",
        "https://chatvidio.vercel.app",
        "https://chatvidio.onrender.com",
        "https://chatvidio-git-*.vercel.app",
        "https://chatvidio-*.vercel.app",
        "https://*.vercel.app",
        "http://localhost:3000",
        "http://localhost:3001",
        "http://localhost:3002"
      ],
      "checkPassed": false
    }
[2026-08-26 04:45:09.149] [WARN] CORS: Origin rejected but allowing (configured to warn)
  Details: {
      "origin": "https://new-chat-h1k.v0.build",
      "allowedCount": 13
    }
[2026-08-26 04:45:09.183] [WARN] CORS origin rejected
  Details: {
      "origin": "https://new-chat-h1k.v0.build",
      "allowedOrigins": [
        "https://zoomdz.com",
        "https://www.zoomdz.com",
        "http://zoomdz.com",
        "http://www.zoomdz.com",
        "https://zooooooom-mown.vercel.app",
        "https://chatvidio.vercel.app",
        "https://chatvidio.onrender.com",
        "https://chatvidio-git-*.vercel.app",
        "https://chatvidio-*.vercel.app",
        "https://*.vercel.app",
        "http://localhost:3000",
        "http://localhost:3001",
        "http://localhost:3002"
      ],
      "checkPassed": false
    }
[2026-08-26 04:45:09.183] [WARN] CORS: Origin rejected but allowing (configured to warn)
  Details: {
      "origin": "https://new-chat-h1k.v0.build",
      "allowedCount": 13
    }
[2026-08-26 04:45:09.197] [WARN] CORS origin rejected
  Details: {
      "origin": "https://new-chat-h1k.v0.build",
      "allowedOrigins": [
        "https://zoomdz.com",
        "https://www.zoomdz.com",
        "http://zoomdz.com",
        "http://www.zoomdz.com",
        "https://zooooooom-mown.vercel.app",
        "https://chatvidio.vercel.app",
        "https://chatvidio.onrender.com",
        "https://chatvidio-git-*.vercel.app",
        "https://chatvidio-*.vercel.app",
        "https://*.vercel.app",
        "http://localhost:3000",
        "http://localhost:3001",
        "http://localhost:3002"
      ],
      "checkPassed": false
    }
[2026-08-26 04:45:09.197] [WARN] CORS: Origin rejected but allowing (configured to warn)
  Details: {
      "origin": "https://new-chat-h1k.v0.build",
      "allowedCount": 13
    }
[2026-08-26 04:45:09.219] [WARN] مسار غير موجود
  Details: {
      "method": "GET",
      "url": "/images/teacher_character1.jpg",
      "ip": "10.128.69.197"
    }
[2026-08-26 04:45:09.223] [WARN] مسار غير موجود
  Details: {
      "method": "GET",
      "url": "/images/student_lab1.jpg",
      "ip": "10.128.176.161"
    }
[2026-08-26 04:45:09.236] [WARN] مسار غير موجود
  Details: {
      "method": "GET",
      "url": "/images/student_character1.jpg",
      "ip": "10.128.99.97"
    }
[2026-08-26 04:45:11.256] [WARN] مسار غير موجود
  Details: {
      "method": "GET",
      "url": "/images/student_lab1.jpg",
      "ip": "10.128.112.75"
    }
[2026-08-26 04:45:11.260] [WARN] مسار غير موجود
  Details: {
      "method": "GET",
      "url": "/images/student_character1.jpg",
      "ip": "10.128.51.4"
    }
[2026-08-26 04:45:11.263] [WARN] مسار غير موجود
  Details: {
      "method": "GET",
      "url": "/images/teacher_character1.jpg",
      "ip": "10.128.225.162"
    }
[2026-08-26 04:53:27.574] [WARN] مسار غير موجود
  Details: {
      "method": "GET",
      "url": "/images/teacher_character1.jpg",
      "ip": "10.128.199.247"
    }
[2026-08-26 04:53:27.581] [WARN] مسار غير موجود
  Details: {
      "method": "GET",
      "url": "/images/admin_character1.jpg",
      "ip": "10.128.69.197"
    }
[2026-08-26 04:53:27.925] [WARN] مسار غير موجود
  Details: {
      "method": "GET",
      "url": "/images/student_hero1.jpg",
      "ip": "10.128.203.131"
    }
[2026-08-26 04:53:28.549] [WARN] مسار غير موجود
  Details: {
      "method": "GET",
      "url": "/images/teacher_character1.jpg",
      "ip": "10.128.45.175"
    }
[2026-08-26 04:53:28.549] [WARN] مسار غير موجود
  Details: {
      "method": "GET",
      "url": "/images/student_character1.jpg",
      "ip": "10.128.181.136"
    }
[2026-08-26 04:53:28.645] [WARN] CORS origin rejected
  Details: {
      "origin": "https://new-chat-h1k.v0.build",
      "allowedOrigins": [
        "https://zoomdz.com",
        "https://www.zoomdz.com",
        "http://zoomdz.com",
        "http://www.zoomdz.com",
        "https://zooooooom-mown.vercel.app",
        "https://chatvidio.vercel.app",
        "https://chatvidio.onrender.com",
        "https://chatvidio-git-*.vercel.app",
        "https://chatvidio-*.vercel.app",
        "https://*.vercel.app",
        "http://localhost:3000",
        "http://localhost:3001",
        "http://localhost:3002"
      ],
      "checkPassed": false
    }
[2026-08-26 04:53:28.646] [WARN] CORS: Origin rejected but allowing (configured to warn)
  Details: {
      "origin": "https://new-chat-h1k.v0.build",
      "allowedCount": 13
    }
[2026-08-26 04:53:28.648] [WARN] CORS origin rejected
  Details: {
      "origin": "https://new-chat-h1k.v0.build",
      "allowedOrigins": [
        "https://zoomdz.com",
        "https://www.zoomdz.com",
        "http://zoomdz.com",
        "http://www.zoomdz.com",
        "https://zooooooom-mown.vercel.app",
        "https://chatvidio.vercel.app",
        "https://chatvidio.onrender.com",
        "https://chatvidio-git-*.vercel.app",
        "https://chatvidio-*.vercel.app",
        "https://*.vercel.app",
        "http://localhost:3000",
        "http://localhost:3001",
        "http://localhost:3002"
      ],
      "checkPassed": false
    }
[2026-08-26 04:53:28.648] [WARN] CORS: Origin rejected but allowing (configured to warn)
  Details: {
      "origin": "https://new-chat-h1k.v0.build",
      "allowedCount": 13
    }
[2026-08-26 04:53:28.734] [WARN] CORS origin rejected
  Details: {
      "origin": "https://new-chat-h1k.v0.build",
      "allowedOrigins": [
        "https://zoomdz.com",
        "https://www.zoomdz.com",
        "http://zoomdz.com",
        "http://www.zoomdz.com",
        "https://zooooooom-mown.vercel.app",
        "https://chatvidio.vercel.app",
        "https://chatvidio.onrender.com",
        "https://chatvidio-git-*.vercel.app",
        "https://chatvidio-*.vercel.app",
        "https://*.vercel.app",
        "http://localhost:3000",
        "http://localhost:3001",
        "http://localhost:3002"
      ],
      "checkPassed": false
    }
[2026-08-26 04:53:28.734] [WARN] CORS: Origin rejected but allowing (configured to warn)
  Details: {
      "origin": "https://new-chat-h1k.v0.build",
      "allowedCount": 13
    }
[2026-08-26 04:53:28.813] [WARN] مسار غير موجود
  Details: {
      "method": "GET",
      "url": "/images/student_lab1.jpg",
      "ip": "10.128.212.160"
    }
[2026-08-26 04:53:28.971] [WARN] CORS origin rejected
  Details: {
      "origin": "https://new-chat-h1k.v0.build",
      "allowedOrigins": [
        "https://zoomdz.com",
        "https://www.zoomdz.com",
        "http://zoomdz.com",
        "http://www.zoomdz.com",
        "https://zooooooom-mown.vercel.app",
        "https://chatvidio.vercel.app",
        "https://chatvidio.onrender.com",
        "https://chatvidio-git-*.vercel.app",
        "https://chatvidio-*.vercel.app",
        "https://*.vercel.app",
        "http://localhost:3000",
        "http://localhost:3001",
        "http://localhost:3002"
      ],
      "checkPassed": false
    }
[2026-08-26 04:53:28.972] [WARN] CORS: Origin rejected but allowing (configured to warn)
  Details: {
      "origin": "https://new-chat-h1k.v0.build",
      "allowedCount": 13
    }
[2026-08-26 04:53:29.075] [WARN] CORS origin rejected
  Details: {
      "origin": "https://new-chat-h1k.v0.build",
      "allowedOrigins": [
        "https://zoomdz.com",
        "https://www.zoomdz.com",
        "http://zoomdz.com",
        "http://www.zoomdz.com",
        "https://zooooooom-mown.vercel.app",
        "https://chatvidio.vercel.app",
        "https://chatvidio.onrender.com",
        "https://chatvidio-git-*.vercel.app",
        "https://chatvidio-*.vercel.app",
        "https://*.vercel.app",
        "http://localhost:3000",
        "http://localhost:3001",
        "http://localhost:3002"
      ],
      "checkPassed": false
    }
[2026-08-26 04:53:29.076] [WARN] CORS: Origin rejected but allowing (configured to warn)
  Details: {
      "origin": "https://new-chat-h1k.v0.build",
      "allowedCount": 13
    }
[2026-08-26 04:53:29.438] [WARN] مسار غير موجود
  Details: {
      "method": "GET",
      "url": "/images/student_hero1.jpg",
      "ip": "10.128.177.67"
    }
[2026-08-26 04:53:30.183] [WARN] CORS origin rejected
  Details: {
      "origin": "https://new-chat-h1k.v0.build",
      "allowedOrigins": [
        "https://zoomdz.com",
        "https://www.zoomdz.com",
        "http://zoomdz.com",
        "http://www.zoomdz.com",
        "https://zooooooom-mown.vercel.app",
        "https://chatvidio.vercel.app",
        "https://chatvidio.onrender.com",
        "https://chatvidio-git-*.vercel.app",
        "https://chatvidio-*.vercel.app",
        "https://*.vercel.app",
        "http://localhost:3000",
        "http://localhost:3001",
        "http://localhost:3002"
      ],
      "checkPassed": false
    }
[2026-08-26 04:53:30.183] [WARN] CORS: Origin rejected but allowing (configured to warn)
  Details: {
      "origin": "https://new-chat-h1k.v0.build",
      "allowedCount": 13
    }
[2026-08-26 04:53:30.235] [WARN] CORS origin rejected
  Details: {
      "origin": "https://new-chat-h1k.v0.build",
      "allowedOrigins": [
        "https://zoomdz.com",
        "https://www.zoomdz.com",
        "http://zoomdz.com",
        "http://www.zoomdz.com",
        "https://zooooooom-mown.vercel.app",
        "https://chatvidio.vercel.app",
        "https://chatvidio.onrender.com",
        "https://chatvidio-git-*.vercel.app",
        "https://chatvidio-*.vercel.app",
        "https://*.vercel.app",
        "http://localhost:3000",
        "http://localhost:3001",
        "http://localhost:3002"
      ],
      "checkPassed": false
    }
[2026-08-26 04:53:30.235] [WARN] CORS: Origin rejected but allowing (configured to warn)
  Details: {
      "origin": "https://new-chat-h1k.v0.build",
      "allowedCount": 13
    }
[2026-08-26 04:53:30.320] [WARN] CORS origin rejected
  Details: {
      "origin": "https://new-chat-h1k.v0.build",
      "allowedOrigins": [
        "https://zoomdz.com",
        "https://www.zoomdz.com",
        "http://zoomdz.com",
        "http://www.zoomdz.com",
        "https://zooooooom-mown.vercel.app",
        "https://chatvidio.vercel.app",
        "https://chatvidio.onrender.com",
        "https://chatvidio-git-*.vercel.app",
        "https://chatvidio-*.vercel.app",
        "https://*.vercel.app",
        "http://localhost:3000",
        "http://localhost:3001",
        "http://localhost:3002"
      ],
      "checkPassed": false
    }
[2026-08-26 04:53:30.321] [WARN] CORS: Origin rejected but allowing (configured to warn)
  Details: {
      "origin": "https://new-chat-h1k.v0.build",
      "allowedCount": 13
    }
[2026-08-26 04:53:30.371] [WARN] CORS origin rejected
  Details: {
      "origin": "https://new-chat-h1k.v0.build",
      "allowedOrigins": [
        "https://zoomdz.com",
        "https://www.zoomdz.com",
        "http://zoomdz.com",
        "http://www.zoomdz.com",
        "https://zooooooom-mown.vercel.app",
        "https://chatvidio.vercel.app",
        "https://chatvidio.onrender.com",
        "https://chatvidio-git-*.vercel.app",
        "https://chatvidio-*.vercel.app",
        "https://*.vercel.app",
        "http://localhost:3000",
        "http://localhost:3001",
        "http://localhost:3002"
      ],
      "checkPassed": false
    }
[2026-08-26 04:53:30.371] [WARN] CORS: Origin rejected but allowing (configured to warn)
  Details: {
      "origin": "https://new-chat-h1k.v0.build",
      "allowedCount": 13
    }
[2026-08-26 04:53:30.505] [WARN] CORS origin rejected
  Details: {
      "origin": "https://new-chat-h1k.v0.build",
      "allowedOrigins": [
        "https://zoomdz.com",
        "https://www.zoomdz.com",
        "http://zoomdz.com",
        "http://www.zoomdz.com",
        "https://zooooooom-mown.vercel.app",
        "https://chatvidio.vercel.app",
        "https://chatvidio.onrender.com",
        "https://chatvidio-git-*.vercel.app",
        "https://chatvidio-*.vercel.app",
        "https://*.vercel.app",
        "http://localhost:3000",
        "http://localhost:3001",
        "http://localhost:3002"
      ],
      "checkPassed": false
    }
[2026-08-26 04:53:30.506] [WARN] CORS: Origin rejected but allowing (configured to warn)
  Details: {
      "origin": "https://new-chat-h1k.v0.build",
      "allowedCount": 13
    }
[2026-08-26 04:53:30.551] [WARN] CORS origin rejected
  Details: {
      "origin": "https://new-chat-h1k.v0.build",
      "allowedOrigins": [
        "https://zoomdz.com",
        "https://www.zoomdz.com",
        "http://zoomdz.com",
        "http://www.zoomdz.com",
        "https://zooooooom-mown.vercel.app",
        "https://chatvidio.vercel.app",
        "https://chatvidio.onrender.com",
        "https://chatvidio-git-*.vercel.app",
        "https://chatvidio-*.vercel.app",
        "https://*.vercel.app",
        "http://localhost:3000",
        "http://localhost:3001",
        "http://localhost:3002"
      ],
      "checkPassed": false
    }
[2026-08-26 04:53:30.551] [WARN] CORS: Origin rejected but allowing (configured to warn)
  Details: {
      "origin": "https://new-chat-h1k.v0.build",
      "allowedCount": 13
    }
[2026-08-26 04:53:30.665] [WARN] CORS origin rejected
  Details: {
      "origin": "https://new-chat-h1k.v0.build",
      "allowedOrigins": [
        "https://zoomdz.com",
        "https://www.zoomdz.com",
        "http://zoomdz.com",
        "http://www.zoomdz.com",
        "https://zooooooom-mown.vercel.app",
        "https://chatvidio.vercel.app",
        "https://chatvidio.onrender.com",
        "https://chatvidio-git-*.vercel.app",
        "https://chatvidio-*.vercel.app",
        "https://*.vercel.app",
        "http://localhost:3000",
        "http://localhost:3001",
        "http://localhost:3002"
      ],
      "checkPassed": false
    }
[2026-08-26 04:53:30.665] [WARN] CORS: Origin rejected but allowing (configured to warn)
  Details: {
      "origin": "https://new-chat-h1k.v0.build",
      "allowedCount": 13
    }
[2026-08-26 04:59:02.117] [WARN] مسار غير موجود
  Details: {
      "method": "GET",
      "url": "/images/student_hero1.jpg",
      "ip": "10.128.39.85"
    }
[2026-08-26 04:59:02.470] [WARN] مسار غير موجود
  Details: {
      "method": "GET",
      "url": "/images/student_character1.jpg",
      "ip": "10.128.39.85"
    }
[2026-08-26 04:59:02.471] [WARN] مسار غير موجود
  Details: {
      "method": "GET",
      "url": "/images/admin_character1.jpg",
      "ip": "10.128.39.85"
    }
[2026-08-26 04:59:02.473] [WARN] مسار غير موجود
  Details: {
      "method": "GET",
      "url": "/images/teacher_character1.jpg",
      "ip": "10.128.39.85"
    }
[2026-08-26 04:59:02.474] [WARN] مسار غير موجود
  Details: {
      "method": "GET",
      "url": "/images/student_lab1.jpg",
      "ip": "10.128.39.85"
    }
[2026-08-26 04:59:02.475] [WARN] مسار غير موجود
  Details: {
      "method": "GET",
      "url": "/images/student_hero1.jpg",
      "ip": "10.128.39.85"
    }
[2026-08-26 05:00:46.718] [WARN] [AI Studio] Supabase credentials missing — using mock client in utils/db.js
[2026-08-26 05:00:46.801] [WARN] ⚠️ تحذير: لم يتم العثور على BREVO_API_KEY أو RESEND_API_KEY. يرجى ضبط المفاتيح في متغيرات البيئة.
[2026-08-26 05:01:27.920] [WARN] مسار غير موجود
  Details: {
      "method": "GET",
      "url": "/images/student_hero1.jpg",
      "ip": "10.128.100.119"
    }
[2026-08-26 05:01:28.113] [WARN] مسار غير موجود
  Details: {
      "method": "GET",
      "url": "/images/student_character1.jpg",
      "ip": "10.128.100.119"
    }
[2026-08-26 05:01:28.115] [WARN] مسار غير موجود
  Details: {
      "method": "GET",
      "url": "/images/teacher_character1.jpg",
      "ip": "10.128.100.119"
    }
[2026-08-26 05:01:28.120] [WARN] مسار غير موجود
  Details: {
      "method": "GET",
      "url": "/images/admin_character1.jpg",
      "ip": "10.128.100.119"
    }
[2026-08-26 05:01:28.120] [WARN] مسار غير موجود
  Details: {
      "method": "GET",
      "url": "/images/student_lab1.jpg",
      "ip": "10.128.100.119"
    }
[2026-08-26 05:01:28.152] [WARN] مسار غير موجود
  Details: {
      "method": "GET",
      "url": "/images/student_character1.jpg",
      "ip": "10.128.100.119"
    }
[2026-08-26 05:01:28.153] [WARN] مسار غير موجود
  Details: {
      "method": "GET",
      "url": "/images/teacher_character1.jpg",
      "ip": "10.128.100.119"
    }
[2026-08-26 05:01:28.158] [WARN] مسار غير موجود
  Details: {
      "method": "GET",
      "url": "/images/student_hero1.jpg",
      "ip": "10.128.100.119"
    }
[2026-08-26 05:19:42.700] [WARN] [AI Studio] Supabase credentials missing — using mock client in utils/db.js
[2026-08-26 05:19:42.793] [WARN] ⚠️ تحذير: لم يتم العثور على BREVO_API_KEY أو RESEND_API_KEY. يرجى ضبط المفاتيح في متغيرات البيئة.
[2026-08-26 05:19:59.188] [WARN] [AI Studio] Supabase credentials missing — using mock client in utils/db.js
[2026-08-26 05:19:59.277] [WARN] ⚠️ تحذير: لم يتم العثور على BREVO_API_KEY أو RESEND_API_KEY. يرجى ضبط المفاتيح في متغيرات البيئة.
[2026-08-26 06:15:41.245] [WARN] [AI Studio] Supabase credentials missing — using mock client in utils/db.js
[2026-08-26 06:15:41.506] [WARN] ⚠️ تحذير: لم يتم العثور على BREVO_API_KEY أو RESEND_API_KEY. يرجى ضبط المفاتيح في متغيرات البيئة.
[2026-08-26 06:15:42.311] [WARN] مسار غير موجود
  Details: {
      "method": "GET",
      "url": "/json/version",
      "ip": "127.0.0.1"
    }
[2026-08-26 06:15:42.766] [WARN] مسار غير موجود
  Details: {
      "method": "GET",
      "url": "/json/version",
      "ip": "127.0.0.1"
    }
[2026-08-26 06:15:43.326] [WARN] مسار غير موجود
  Details: {
      "method": "GET",
      "url": "/json/version",
      "ip": "127.0.0.1"
    }
[2026-08-26 06:15:43.807] [WARN] مسار غير موجود
  Details: {
      "method": "GET",
      "url": "/json/version",
      "ip": "127.0.0.1"
    }
[2026-08-26 06:15:44.418] [WARN] مسار غير موجود
  Details: {
      "method": "GET",
      "url": "/json/version",
      "ip": "127.0.0.1"
    }
[2026-08-26 06:15:55.616] [WARN] مسار غير موجود
  Details: {
      "method": "GET",
      "url": "/images/student_hero1.jpg",
      "ip": "10.128.195.1"
    }
[2026-08-26 06:15:59.361] [WARN] مسار غير موجود
  Details: {
      "method": "GET",
      "url": "/images/admin_character1.jpg",
      "ip": "10.128.93.80"
    }
[2026-08-26 06:15:59.680] [WARN] مسار غير موجود
  Details: {
      "method": "GET",
      "url": "/images/teacher_character1.jpg",
      "ip": "10.128.76.199"
    }
[2026-08-26 06:15:59.691] [WARN] مسار غير موجود
  Details: {
      "method": "GET",
      "url": "/images/student_character1.jpg",
      "ip": "10.128.149.244"
    }
[2026-08-26 06:15:59.803] [WARN] مسار غير موجود
  Details: {
      "method": "GET",
      "url": "/images/student_lab1.jpg",
      "ip": "10.128.251.108"
    }
[2026-08-26 06:15:59.817] [WARN] مسار غير موجود
  Details: {
      "method": "GET",
      "url": "/images/student_hero1.jpg",
      "ip": "10.128.233.227"
    }
[2026-08-26 06:16:00.065] [WARN] مسار غير موجود
  Details: {
      "method": "GET",
      "url": "/images/admin_character1.jpg",
      "ip": "10.128.48.198"
    }
[2026-08-26 06:16:00.267] [WARN] مسار غير موجود
  Details: {
      "method": "GET",
      "url": "/images/teacher_character1.jpg",
      "ip": "10.128.164.45"
    }
[2026-08-26 06:16:00.777] [WARN] مسار غير موجود
  Details: {
      "method": "GET",
      "url": "/images/student_character1.jpg",
      "ip": "10.128.168.38"
    }
[2026-08-26 06:16:02.905] [WARN] مسار غير موجود
  Details: {
      "method": "GET",
      "url": "/images/teacher_character1.jpg",
      "ip": "10.128.168.38"
    }
[2026-08-26 06:16:02.906] [WARN] مسار غير موجود
  Details: {
      "method": "GET",
      "url": "/images/student_hero1.jpg",
      "ip": "10.128.84.9"
    }
[2026-08-26 06:16:02.907] [WARN] مسار غير موجود
  Details: {
      "method": "GET",
      "url": "/images/student_lab1.jpg",
      "ip": "10.128.119.213"
    }
[2026-08-26 06:16:02.908] [WARN] مسار غير موجود
  Details: {
      "method": "GET",
      "url": "/images/student_character1.jpg",
      "ip": "10.128.210.43"
    }
[2026-08-26 06:21:50.061] [WARN] مسار غير موجود
  Details: {
      "method": "GET",
      "url": "/images/student_hero1.jpg",
      "ip": "10.128.240.167"
    }
[2026-08-26 06:21:50.266] [WARN] مسار غير موجود
  Details: {
      "method": "GET",
      "url": "/images/student_character1.jpg",
      "ip": "10.128.240.167"
    }
[2026-08-26 06:21:50.270] [WARN] مسار غير موجود
  Details: {
      "method": "GET",
      "url": "/images/teacher_character1.jpg",
      "ip": "10.128.240.167"
    }
[2026-08-26 06:21:50.274] [WARN] مسار غير موجود
  Details: {
      "method": "GET",
      "url": "/images/admin_character1.jpg",
      "ip": "10.128.240.167"
    }
[2026-08-26 06:21:50.275] [WARN] مسار غير موجود
  Details: {
      "method": "GET",
      "url": "/images/student_lab1.jpg",
      "ip": "10.128.240.167"
    }
[2026-08-26 06:21:50.381] [WARN] مسار غير موجود
  Details: {
      "method": "GET",
      "url": "/images/student_hero1.jpg",
      "ip": "10.128.240.167"
    }
[2026-08-26 06:21:50.684] [WARN] مسار غير موجود
  Details: {
      "method": "GET",
      "url": "/images/student_lab1.jpg",
      "ip": "10.128.240.167"
    }
